// Jest Snapshot v1, https://jestjs.io/docs/snapshot-testing

exports[`Snapshot test 1`] = `
{
  "Description": "TaskTitan FORGE v2 - App Runner + DynamoDB (us-east-2)",
  "Outputs": {
    "AppRunnerServiceArn": {
      "Description": "App Runner service ARN",
      "Value": {
        "Fn::GetAtt": [
          "WebappService6D458A13",
          "ServiceArn",
        ],
      },
    },
    "AppRunnerServiceUrl": {
      "Description": "App Runner service URL (HTTPS)",
      "Value": {
        "Fn::Join": [
          "",
          [
            "https://",
            {
              "Fn::GetAtt": [
                "WebappService6D458A13",
                "ServiceUrl",
              ],
            },
          ],
        ],
      },
    },
    "AppSyncGraphqlGraphQLApiId2F3F9645": {
      "Description": "AppSync GraphQL API ID",
      "Value": {
        "Fn::GetAtt": [
          "AppSyncGraphqlApi48248BEB",
          "ApiId",
        ],
      },
    },
    "AppSyncGraphqlGraphQLApiUrlA5188E41": {
      "Description": "AppSync GraphQL API URL (us-east-2)",
      "Value": {
        "Fn::GetAtt": [
          "AppSyncGraphqlApi48248BEB",
          "GraphQLUrl",
        ],
      },
    },
    "AsyncJobDLQUrlDA38FD69": {
      "Description": "Dead Letter Queue URL for failed async jobs - monitor this queue for failures",
      "Value": {
        "Ref": "AsyncJobDeadLetterQueueCA49DDA5",
      },
    },
    "AsyncJobHandlerArnCA46B385": {
      "Value": {
        "Fn::GetAtt": [
          "AsyncJobHandler438266BD",
          "Arn",
        ],
      },
    },
    "AuthUserPoolClientId8216BF9A": {
      "Value": {
        "Ref": "AuthUserPoolClientC635291F",
      },
    },
    "AuthUserPoolDomainName8D4A2606": {
      "Value": {
        "Fn::Join": [
          "",
          [
            {
              "Fn::GetAtt": [
                "AuthDomainPrefixE1742B23",
                "generated",
              ],
            },
            ".auth.us-east-2.amazoncognito.com",
          ],
        ],
      },
    },
    "AuthUserPoolIdC0605E59": {
      "Value": {
        "Ref": "AuthUserPool8115E87F",
      },
    },
    "CognitoUserPoolId": {
      "Description": "Cognito User Pool ID for authentication",
      "Value": {
        "Ref": "AuthUserPool8115E87F",
      },
    },
    "DynamoDBTableArn": {
      "Description": "DynamoDB table ARN for IAM policies",
      "Value": {
        "Fn::GetAtt": [
          "DynamoTableE5532DA8",
          "Arn",
        ],
      },
    },
    "DynamoDBTableName": {
      "Description": "DynamoDB table name for TaskTitan data",
      "Value": {
        "Ref": "DynamoTableE5532DA8",
      },
    },
    "EventBusHttpEndpoint1C68A807": {
      "Value": {
        "Fn::Join": [
          "",
          [
            "https://",
            {
              "Fn::GetAtt": [
                "EventBusApi6E8C7C94",
                "Dns.Http",
              ],
            },
          ],
        ],
      },
    },
    "FrontendDomainName": {
      "Description": "TaskTitan frontend URL (App Runner HTTPS)",
      "Value": {
        "Fn::Join": [
          "",
          [
            "https://",
            {
              "Fn::GetAtt": [
                "WebappService6D458A13",
                "ServiceUrl",
              ],
            },
          ],
        ],
      },
    },
    "MonitoringDashboardUrl": {
      "Description": "CloudWatch Monitoring Dashboard URL",
      "Value": "https://us-east-2.console.aws.amazon.com/cloudwatch/home?region=us-east-2#dashboards:name=TaskTitan-Monitoring",
    },
    "StaticFrontendStaticFrontendBucketNameF21557FD": {
      "Description": "S3 bucket for static frontend assets",
      "Value": {
        "Ref": "StaticFrontendBucket37767DD7",
      },
    },
    "StaticFrontendStaticFrontendUrl05ACBE07": {
      "Description": "CloudFront URL for static frontend (Phase 3 entry point)",
      "Value": {
        "Fn::Join": [
          "",
          [
            "https://",
            {
              "Fn::GetAtt": [
                "StaticFrontendDistribution1DBCD836",
                "DomainName",
              ],
            },
          ],
        ],
      },
    },
    "XRayServiceMapUrl": {
      "Description": "X-Ray Service Map for request tracing",
      "Value": "https://us-east-2.console.aws.amazon.com/xray/home?region=us-east-2#/service-map",
    },
  },
  "Parameters": {
    "BootstrapVersion": {
      "Default": "/cdk-bootstrap/hnb659fds/version",
      "Description": "Version of the CDK Bootstrap resources in this environment, automatically retrieved from SSM Parameter Store. [cdk:skip]",
      "Type": "AWS::SSM::Parameter::Value<String>",
    },
  },
  "Resources": {
    "AWS679f53fac002430cb0da5b7982bd22872D164C4C": {
      "DependsOn": [
        "AWS679f53fac002430cb0da5b7982bd2287ServiceRoleC1EA0FF2",
      ],
      "Properties": {
        "Code": {
          "S3Bucket": "cdk-hnb659fds-assets-123456789012-us-east-2",
          "S3Key": "REDACTED",
        },
        "Handler": "index.handler",
        "Role": {
          "Fn::GetAtt": [
            "AWS679f53fac002430cb0da5b7982bd2287ServiceRoleC1EA0FF2",
            "Arn",
          ],
        },
        "Runtime": "nodejs22.x",
        "Timeout": 120,
      },
      "Type": "AWS::Lambda::Function",
    },
    "AWS679f53fac002430cb0da5b7982bd2287ServiceRoleC1EA0FF2": {
      "Properties": {
        "AssumeRolePolicyDocument": {
          "Statement": [
            {
              "Action": "sts:AssumeRole",
              "Effect": "Allow",
              "Principal": {
                "Service": "lambda.amazonaws.com",
              },
            },
          ],
          "Version": "2012-10-17",
        },
        "ManagedPolicyArns": [
          {
            "Fn::Join": [
              "",
              [
                "arn:",
                {
                  "Ref": "AWS::Partition",
                },
                ":iam::aws:policy/service-role/AWSLambdaBasicExecutionRole",
              ],
            ],
          },
        ],
      },
      "Type": "AWS::IAM::Role",
    },
    "AccessLogBucketAutoDeleteObjectsCustomResource01AB31E8": {
      "DeletionPolicy": "Delete",
      "DependsOn": [
        "AccessLogBucketPolicyF52D2D01",
      ],
      "Properties": {
        "BucketName": {
          "Ref": "AccessLogBucketDA470295",
        },
        "ServiceToken": {
          "Fn::GetAtt": [
            "CustomS3AutoDeleteObjectsCustomResourceProviderHandler9D90184F",
            "Arn",
          ],
        },
      },
      "Type": "Custom::S3AutoDeleteObjects",
      "UpdateReplacePolicy": "Delete",
    },
    "AccessLogBucketDA470295": {
      "DeletionPolicy": "Delete",
      "Properties": {
        "BucketEncryption": {
          "ServerSideEncryptionConfiguration": [
            {
              "ServerSideEncryptionByDefault": {
                "SSEAlgorithm": "AES256",
              },
            },
          ],
        },
        "OwnershipControls": {
          "Rules": [
            {
              "ObjectOwnership": "ObjectWriter",
            },
          ],
        },
        "PublicAccessBlockConfiguration": {
          "BlockPublicAcls": true,
          "BlockPublicPolicy": true,
          "IgnorePublicAcls": true,
          "RestrictPublicBuckets": true,
        },
        "Tags": [
          {
            "Key": "aws-cdk:auto-delete-objects",
            "Value": "true",
          },
        ],
      },
      "Type": "AWS::S3::Bucket",
      "UpdateReplacePolicy": "Delete",
    },
    "AccessLogBucketPolicyF52D2D01": {
      "Properties": {
        "Bucket": {
          "Ref": "AccessLogBucketDA470295",
        },
        "PolicyDocument": {
          "Statement": [
            {
              "Action": "s3:*",
              "Condition": {
                "Bool": {
                  "aws:SecureTransport": "false",
                },
              },
              "Effect": "Deny",
              "Principal": {
                "AWS": "*",
              },
              "Resource": [
                {
                  "Fn::GetAtt": [
                    "AccessLogBucketDA470295",
                    "Arn",
                  ],
                },
                {
                  "Fn::Join": [
                    "",
                    [
                      {
                        "Fn::GetAtt": [
                          "AccessLogBucketDA470295",
                          "Arn",
                        ],
                      },
                      "/*",
                    ],
                  ],
                },
              ],
            },
            {
              "Action": [
                "s3:PutBucketPolicy",
                "s3:GetBucket*",
                "s3:List*",
                "s3:DeleteObject*",
              ],
              "Effect": "Allow",
              "Principal": {
                "AWS": {
                  "Fn::GetAtt": [
                    "CustomS3AutoDeleteObjectsCustomResourceProviderRole3B1BD092",
                    "Arn",
                  ],
                },
              },
              "Resource": [
                {
                  "Fn::GetAtt": [
                    "AccessLogBucketDA470295",
                    "Arn",
                  ],
                },
                {
                  "Fn::Join": [
                    "",
                    [
                      {
                        "Fn::GetAtt": [
                          "AccessLogBucketDA470295",
                          "Arn",
                        ],
                      },
                      "/*",
                    ],
                  ],
                },
              ],
            },
          ],
          "Version": "2012-10-17",
        },
      },
      "Type": "AWS::S3::BucketPolicy",
    },
    "AppSyncGraphqlAddTeamMemberResolver0EBF5754": {
      "DependsOn": [
        "AppSyncGraphqlApiDynamoDBA02B9D11",
        "AppSyncGraphqlApiSchemaC2E94F39",
      ],
      "Properties": {
        "ApiId": {
          "Fn::GetAtt": [
            "AppSyncGraphqlApi48248BEB",
            "ApiId",
          ],
        },
        "Code": "import { util } from '@aws-appsync/utils';
export function request(ctx) {
  const input = ctx.args.input;
  const now = util.time.nowISO8601();
  const membershipId = util.autoId();
  const membership = {
    pk: 'TEAM#' + input.teamId,
    sk: 'MEMBER#' + input.userId,
    id: membershipId,
    userId: input.userId,
    teamId: input.teamId,
    role: input.role,
    joinedAt: now,
    title: input.title || null,
    hoursPerDay: 6,
    availability: 100,
    gsi1pk: 'USER#' + input.userId,
    gsi1sk: 'TEAM#' + input.teamId
  };
  return {
    operation: 'PutItem',
    key: util.dynamodb.toMapValues({ pk: membership.pk, sk: membership.sk }),
    attributeValues: util.dynamodb.toMapValues(membership),
    condition: { expression: 'attribute_not_exists(pk)' }
  };
}
export function response(ctx) {
  if (ctx.error) {
    if (ctx.error.type === 'DynamoDB:ConditionalCheckFailedException') {
      util.error('Member already exists in team', 'MemberAlreadyExists');
    }
    util.error(ctx.error.message, ctx.error.type);
  }
  return ctx.result;
}",
        "DataSourceName": "DynamoDB",
        "FieldName": "addTeamMember",
        "Kind": "UNIT",
        "Runtime": {
          "Name": "APPSYNC_JS",
          "RuntimeVersion": "1.0.0",
        },
        "TypeName": "Mutation",
      },
      "Type": "AWS::AppSync::Resolver",
    },
    "AppSyncGraphqlApi48248BEB": {
      "Properties": {
        "AuthenticationType": "AMAZON_COGNITO_USER_POOLS",
        "Name": "TaskTitanForgeStack-GraphQL",
        "UserPoolConfig": {
          "AwsRegion": "us-east-2",
          "DefaultAction": "ALLOW",
          "UserPoolId": {
            "Ref": "AuthUserPool8115E87F",
          },
        },
        "XrayEnabled": true,
      },
      "Type": "AWS::AppSync::GraphQLApi",
    },
    "AppSyncGraphqlApiBedrockLambda55C98CBB": {
      "Properties": {
        "ApiId": {
          "Fn::GetAtt": [
            "AppSyncGraphqlApi48248BEB",
            "ApiId",
          ],
        },
        "LambdaConfig": {
          "LambdaFunctionArn": {
            "Fn::GetAtt": [
              "AsyncJobHandler438266BD",
              "Arn",
            ],
          },
        },
        "Name": "BedrockLambda",
        "ServiceRoleArn": {
          "Fn::GetAtt": [
            "AppSyncGraphqlApiBedrockLambdaServiceRoleF2161A4D",
            "Arn",
          ],
        },
        "Type": "AWS_LAMBDA",
      },
      "Type": "AWS::AppSync::DataSource",
    },
    "AppSyncGraphqlApiBedrockLambdaServiceRoleDefaultPolicy03FB90DA": {
      "Properties": {
        "PolicyDocument": {
          "Statement": [
            {
              "Action": "lambda:InvokeFunction",
              "Effect": "Allow",
              "Resource": [
                {
                  "Fn::GetAtt": [
                    "AsyncJobHandler438266BD",
                    "Arn",
                  ],
                },
                {
                  "Fn::Join": [
                    "",
                    [
                      {
                        "Fn::GetAtt": [
                          "AsyncJobHandler438266BD",
                          "Arn",
                        ],
                      },
                      ":*",
                    ],
                  ],
                },
              ],
            },
          ],
          "Version": "2012-10-17",
        },
        "PolicyName": "AppSyncGraphqlApiBedrockLambdaServiceRoleDefaultPolicy03FB90DA",
        "Roles": [
          {
            "Ref": "AppSyncGraphqlApiBedrockLambdaServiceRoleF2161A4D",
          },
        ],
      },
      "Type": "AWS::IAM::Policy",
    },
    "AppSyncGraphqlApiBedrockLambdaServiceRoleF2161A4D": {
      "Properties": {
        "AssumeRolePolicyDocument": {
          "Statement": [
            {
              "Action": "sts:AssumeRole",
              "Effect": "Allow",
              "Principal": {
                "Service": "appsync.amazonaws.com",
              },
            },
          ],
          "Version": "2012-10-17",
        },
      },
      "Type": "AWS::IAM::Role",
    },
    "AppSyncGraphqlApiDynamoDBA02B9D11": {
      "Properties": {
        "ApiId": {
          "Fn::GetAtt": [
            "AppSyncGraphqlApi48248BEB",
            "ApiId",
          ],
        },
        "DynamoDBConfig": {
          "AwsRegion": "us-east-2",
          "TableName": {
            "Ref": "DynamoTableE5532DA8",
          },
        },
        "Name": "DynamoDB",
        "ServiceRoleArn": {
          "Fn::GetAtt": [
            "AppSyncGraphqlApiDynamoDBServiceRoleBD23EB0C",
            "Arn",
          ],
        },
        "Type": "AMAZON_DYNAMODB",
      },
      "Type": "AWS::AppSync::DataSource",
    },
    "AppSyncGraphqlApiDynamoDBServiceRoleBD23EB0C": {
      "Properties": {
        "AssumeRolePolicyDocument": {
          "Statement": [
            {
              "Action": "sts:AssumeRole",
              "Effect": "Allow",
              "Principal": {
                "Service": "appsync.amazonaws.com",
              },
            },
          ],
          "Version": "2012-10-17",
        },
      },
      "Type": "AWS::IAM::Role",
    },
    "AppSyncGraphqlApiDynamoDBServiceRoleDefaultPolicy3924B767": {
      "Properties": {
        "PolicyDocument": {
          "Statement": [
            {
              "Action": [
                "dynamodb:BatchGetItem",
                "dynamodb:Query",
                "dynamodb:GetItem",
                "dynamodb:Scan",
                "dynamodb:ConditionCheckItem",
                "dynamodb:BatchWriteItem",
                "dynamodb:PutItem",
                "dynamodb:UpdateItem",
                "dynamodb:DeleteItem",
                "dynamodb:DescribeTable",
              ],
              "Effect": "Allow",
              "Resource": [
                {
                  "Fn::GetAtt": [
                    "DynamoTableE5532DA8",
                    "Arn",
                  ],
                },
                {
                  "Fn::Join": [
                    "",
                    [
                      {
                        "Fn::GetAtt": [
                          "DynamoTableE5532DA8",
                          "Arn",
                        ],
                      },
                      "/index/*",
                    ],
                  ],
                },
              ],
            },
            {
              "Action": [
                "dynamodb:GetRecords",
                "dynamodb:GetShardIterator",
              ],
              "Effect": "Allow",
              "Resource": [
                {
                  "Fn::GetAtt": [
                    "DynamoTableE5532DA8",
                    "Arn",
                  ],
                },
                {
                  "Fn::Join": [
                    "",
                    [
                      {
                        "Fn::GetAtt": [
                          "DynamoTableE5532DA8",
                          "Arn",
                        ],
                      },
                      "/index/*",
                    ],
                  ],
                },
              ],
            },
          ],
          "Version": "2012-10-17",
        },
        "PolicyName": "AppSyncGraphqlApiDynamoDBServiceRoleDefaultPolicy3924B767",
        "Roles": [
          {
            "Ref": "AppSyncGraphqlApiDynamoDBServiceRoleBD23EB0C",
          },
        ],
      },
      "Type": "AWS::IAM::Policy",
    },
    "AppSyncGraphqlApiSchemaC2E94F39": {
      "Properties": {
        "ApiId": {
          "Fn::GetAtt": [
            "AppSyncGraphqlApi48248BEB",
            "ApiId",
          ],
        },
        "Definition": "# Phase 2/3: AppSync GraphQL API (main API; CloudFront + S3 frontend, no App Runner)
# Auth: Cognito User Pools. Data: DynamoDB (same table as ElectroDB) + Lambda (Bedrock).
# Region: us-east-2.

type User {
  id: ID!
  email: String!
  name: String
  avatarUrl: String
  createdAt: String
  updatedAt: String
}

type Project {
  id: ID!
  name: String!
  description: String
  teamId: String!
  ownerId: String!
  createdAt: String
  updatedAt: String
}

type Team {
  id: ID!
  name: String!
  description: String
  createdAt: String
  updatedAt: String
}

enum MemberRole {
  OWNER
  ADMIN
  MEMBER
  VIEWER
}

type Membership {
  id: ID!
  userId: String!
  teamId: String!
  role: MemberRole!
  joinedAt: String
  title: String
  hoursPerDay: Int
  availability: Int
  user: User
}

type TeamWithMembers {
  team: Team!
  members: [Membership!]!
}

type Query {
  # Get the current authenticated user (DynamoDB: pk=USER#sub, sk=METADATA)
  getCurrentUser: User
  # Get a user by email (DynamoDB GSI1: gsi1pk=EMAIL#email, gsi1sk=USER)
  getUserByEmail(email: String!): User
  # Get a single project by ID (DynamoDB: pk=PROJECT#id, sk=METADATA)
  getProject(id: ID!): Project
  # Get a single team by ID (DynamoDB: pk=TEAM#id, sk=METADATA)
  getTeam(id: ID!): Team
  # List teams for current user (DynamoDB GSI1: gsi1pk=USER#userId → batch get teams)
  listTeamsForUser: [TeamWithMembers!]!
  # Get team with all members (DynamoDB: GetItem TEAM#id + Query sk begins_with MEMBER#)
  getTeamWithMembers(teamId: ID!): TeamWithMembers
  # List projects for a team (DynamoDB GSI2: gsi2pk=TEAM#teamId)
  listProjectsByTeam(teamId: ID!): [Project!]!
}

input CreateProjectInput {
  id: ID!
  teamId: ID!
  ownerId: ID!
  name: String!
  description: String
}

input CreateTeamInput {
  id: ID!
  name: String!
  description: String
}

input UpdateTeamInput {
  name: String
  description: String
}

input AddTeamMemberInput {
  teamId: ID!
  userId: ID!
  role: MemberRole!
  title: String
}

input UpdateMemberRoleInput {
  teamId: ID!
  userId: ID!
  role: MemberRole!
}

# AI generation: Lambda (Bedrock) invoked by AppSync; returns generated text.
type Mutation {
  generateComponentViaAI(projectId: ID!, prompt: String!): String
  createProject(input: CreateProjectInput!): Project!
  # Team mutations
  createTeam(input: CreateTeamInput!): TeamWithMembers!
  updateTeam(teamId: ID!, input: UpdateTeamInput!): Team!
  addTeamMember(input: AddTeamMemberInput!): Membership!
  removeTeamMember(teamId: ID!, userId: ID!): Boolean!
  updateMemberRole(input: UpdateMemberRoleInput!): Membership!
}

schema {
  query: Query
  mutation: Mutation
}
",
      },
      "Type": "AWS::AppSync::GraphQLSchema",
    },
    "AppSyncGraphqlBatchGetTeamsFn9CA14089": {
      "DependsOn": [
        "AppSyncGraphqlApiDynamoDBA02B9D11",
        "AppSyncGraphqlApiSchemaC2E94F39",
      ],
      "Properties": {
        "ApiId": {
          "Fn::GetAtt": [
            "AppSyncGraphqlApi48248BEB",
            "ApiId",
          ],
        },
        "Code": {
          "Fn::Join": [
            "",
            [
              "import { util } from '@aws-appsync/utils';
export function request(ctx) {
  const memberships = ctx.stash.memberships || [];
  if (memberships.length === 0) return { operation: 'Query', query: { expression: 'pk = :pk', expressionValues: util.dynamodb.toMapValues({ ':pk': 'NONE' }) } };
  const keys = memberships.map(m => util.dynamodb.toMapValues({ pk: 'TEAM#' + m.teamId, sk: 'METADATA' }));
  return {
    operation: 'BatchGetItem',
    tables: {
      '",
              {
                "Ref": "DynamoTableE5532DA8",
              },
              "': { keys }
    }
  };
}
export function response(ctx) {
  if (ctx.error) util.error(ctx.error.message, ctx.error.type);
  const memberships = ctx.stash.memberships || [];
  const teams = ctx.result.data['",
              {
                "Ref": "DynamoTableE5532DA8",
              },
              "'] || [];
  const teamMap = {};
  for (const team of teams) {
    teamMap[team.id] = team;
  }
  return memberships.map(m => ({
    team: teamMap[m.teamId] || { id: m.teamId, name: 'Unknown' },
    members: [m]
  })).filter(t => t.team.id);
}",
            ],
          ],
        },
        "DataSourceName": "DynamoDB",
        "FunctionVersion": "2018-05-29",
        "Name": "batchGetTeams",
        "Runtime": {
          "Name": "APPSYNC_JS",
          "RuntimeVersion": "1.0.0",
        },
      },
      "Type": "AWS::AppSync::FunctionConfiguration",
    },
    "AppSyncGraphqlCreateProjectResolverAE2D7277": {
      "DependsOn": [
        "AppSyncGraphqlApiDynamoDBA02B9D11",
        "AppSyncGraphqlApiSchemaC2E94F39",
      ],
      "Properties": {
        "ApiId": {
          "Fn::GetAtt": [
            "AppSyncGraphqlApi48248BEB",
            "ApiId",
          ],
        },
        "Code": "import { util } from '@aws-appsync/utils';
export function request(ctx) {
  const input = ctx.args.input;
  const id = input.id;
  const now = util.time.nowISO8601();
  const item = {
    pk: 'PROJECT#' + id,
    sk: 'METADATA',
    id,
    name: input.name,
    description: input.description || null,
    teamId: input.teamId,
    ownerId: input.ownerId,
    createdAt: now,
    updatedAt: now,
    gsi1pk: 'OWNER#' + input.ownerId,
    gsi1sk: 'PROJECT#' + id,
    gsi2pk: 'TEAM#' + input.teamId,
    gsi2sk: 'PROJECT#' + id
  };
  return {
    operation: 'PutItem',
    key: util.dynamodb.toMapValues({ pk: item.pk, sk: item.sk }),
    attributeValues: util.dynamodb.toMapValues(item)
  };
}
export function response(ctx) {
  if (ctx.error) util.error(ctx.error.message, ctx.error.type);
  const input = ctx.args.input;
  const now = util.time.nowISO8601();
  return { id: input.id, name: input.name, description: input.description || null, teamId: input.teamId, ownerId: input.ownerId, createdAt: now, updatedAt: now };
}",
        "DataSourceName": "DynamoDB",
        "FieldName": "createProject",
        "Kind": "UNIT",
        "Runtime": {
          "Name": "APPSYNC_JS",
          "RuntimeVersion": "1.0.0",
        },
        "TypeName": "Mutation",
      },
      "Type": "AWS::AppSync::Resolver",
    },
    "AppSyncGraphqlCreateTeamResolver3EF60344": {
      "DependsOn": [
        "AppSyncGraphqlApiDynamoDBA02B9D11",
        "AppSyncGraphqlApiSchemaC2E94F39",
      ],
      "Properties": {
        "ApiId": {
          "Fn::GetAtt": [
            "AppSyncGraphqlApi48248BEB",
            "ApiId",
          ],
        },
        "Code": {
          "Fn::Join": [
            "",
            [
              "import { util } from '@aws-appsync/utils';
export function request(ctx) {
  const input = ctx.args.input;
  const teamId = input.id;
  const userId = ctx.identity.sub;
  const now = util.time.nowISO8601();
  const membershipId = util.autoId();
  const team = {
    pk: 'TEAM#' + teamId,
    sk: 'METADATA',
    id: teamId,
    name: input.name,
    description: input.description || null,
    createdAt: now,
    updatedAt: now
  };
  const membership = {
    pk: 'TEAM#' + teamId,
    sk: 'MEMBER#' + userId,
    id: membershipId,
    userId: userId,
    teamId: teamId,
    role: 'OWNER',
    joinedAt: now,
    title: null,
    hoursPerDay: 6,
    availability: 100,
    gsi1pk: 'USER#' + userId,
    gsi1sk: 'TEAM#' + teamId
  };
  return {
    operation: 'TransactWriteItems',
    transactItems: [
      { table: '",
              {
                "Ref": "DynamoTableE5532DA8",
              },
              "', operation: 'PutItem', key: util.dynamodb.toMapValues({ pk: team.pk, sk: team.sk }), attributeValues: util.dynamodb.toMapValues(team) },
      { table: '",
              {
                "Ref": "DynamoTableE5532DA8",
              },
              "', operation: 'PutItem', key: util.dynamodb.toMapValues({ pk: membership.pk, sk: membership.sk }), attributeValues: util.dynamodb.toMapValues(membership) }
    ]
  };
}
export function response(ctx) {
  if (ctx.error) util.error(ctx.error.message, ctx.error.type);
  const input = ctx.args.input;
  const userId = ctx.identity.sub;
  const now = util.time.nowISO8601();
  const team = { id: input.id, name: input.name, description: input.description || null, createdAt: now, updatedAt: now };
  const membership = { id: util.autoId(), userId, teamId: input.id, role: 'OWNER', joinedAt: now, title: null, hoursPerDay: 6, availability: 100 };
  return { team, members: [membership] };
}",
            ],
          ],
        },
        "DataSourceName": "DynamoDB",
        "FieldName": "createTeam",
        "Kind": "UNIT",
        "Runtime": {
          "Name": "APPSYNC_JS",
          "RuntimeVersion": "1.0.0",
        },
        "TypeName": "Mutation",
      },
      "Type": "AWS::AppSync::Resolver",
    },
    "AppSyncGraphqlGenerateComponentViaAIResolver3545246F": {
      "DependsOn": [
        "AppSyncGraphqlApiBedrockLambda55C98CBB",
        "AppSyncGraphqlApiSchemaC2E94F39",
      ],
      "Properties": {
        "ApiId": {
          "Fn::GetAtt": [
            "AppSyncGraphqlApi48248BEB",
            "ApiId",
          ],
        },
        "DataSourceName": "BedrockLambda",
        "FieldName": "generateComponentViaAI",
        "Kind": "UNIT",
        "RequestMappingTemplate": "{"version": "2017-02-28", "operation": "Invoke", "payload": $util.toJson($ctx.arguments)}",
        "ResponseMappingTemplate": "$util.toJson($ctx.result)",
        "TypeName": "Mutation",
      },
      "Type": "AWS::AppSync::Resolver",
    },
    "AppSyncGraphqlGetCurrentUserResolver1EEDB1FC": {
      "DependsOn": [
        "AppSyncGraphqlApiDynamoDBA02B9D11",
        "AppSyncGraphqlApiSchemaC2E94F39",
      ],
      "Properties": {
        "ApiId": {
          "Fn::GetAtt": [
            "AppSyncGraphqlApi48248BEB",
            "ApiId",
          ],
        },
        "Code": "import { util } from '@aws-appsync/utils';
export function request(ctx) {
  const userId = ctx.identity.sub;
  return {
    operation: 'GetItem',
    key: util.dynamodb.toMapValues({
      pk: 'USER#' + userId,
      sk: 'METADATA'
    })
  };
}
export function response(ctx) {
  if (ctx.error) util.error(ctx.error.message, ctx.error.type);
  return ctx.result;
}",
        "DataSourceName": "DynamoDB",
        "FieldName": "getCurrentUser",
        "Kind": "UNIT",
        "Runtime": {
          "Name": "APPSYNC_JS",
          "RuntimeVersion": "1.0.0",
        },
        "TypeName": "Query",
      },
      "Type": "AWS::AppSync::Resolver",
    },
    "AppSyncGraphqlGetProjectResolverB43CD3DB": {
      "DependsOn": [
        "AppSyncGraphqlApiDynamoDBA02B9D11",
        "AppSyncGraphqlApiSchemaC2E94F39",
      ],
      "Properties": {
        "ApiId": {
          "Fn::GetAtt": [
            "AppSyncGraphqlApi48248BEB",
            "ApiId",
          ],
        },
        "Code": "import { util } from '@aws-appsync/utils';
export function request(ctx) {
  return {
    operation: 'GetItem',
    key: util.dynamodb.toMapValues({
      pk: 'PROJECT#' + ctx.args.id,
      sk: 'METADATA'
    })
  };
}
export function response(ctx) {
  if (ctx.error) {
    util.error(ctx.error.message, ctx.error.type);
  }
  return ctx.result;
}",
        "DataSourceName": "DynamoDB",
        "FieldName": "getProject",
        "Kind": "UNIT",
        "Runtime": {
          "Name": "APPSYNC_JS",
          "RuntimeVersion": "1.0.0",
        },
        "TypeName": "Query",
      },
      "Type": "AWS::AppSync::Resolver",
    },
    "AppSyncGraphqlGetTeamResolver3FA83C15": {
      "DependsOn": [
        "AppSyncGraphqlApiDynamoDBA02B9D11",
        "AppSyncGraphqlApiSchemaC2E94F39",
      ],
      "Properties": {
        "ApiId": {
          "Fn::GetAtt": [
            "AppSyncGraphqlApi48248BEB",
            "ApiId",
          ],
        },
        "Code": "import { util } from '@aws-appsync/utils';
export function request(ctx) {
  return {
    operation: 'GetItem',
    key: util.dynamodb.toMapValues({
      pk: 'TEAM#' + ctx.args.id,
      sk: 'METADATA'
    })
  };
}
export function response(ctx) {
  if (ctx.error) util.error(ctx.error.message, ctx.error.type);
  return ctx.result;
}",
        "DataSourceName": "DynamoDB",
        "FieldName": "getTeam",
        "Kind": "UNIT",
        "Runtime": {
          "Name": "APPSYNC_JS",
          "RuntimeVersion": "1.0.0",
        },
        "TypeName": "Query",
      },
      "Type": "AWS::AppSync::Resolver",
    },
    "AppSyncGraphqlGetTeamWithMembersResolver679CB782": {
      "DependsOn": [
        "AppSyncGraphqlApiDynamoDBA02B9D11",
        "AppSyncGraphqlApiSchemaC2E94F39",
      ],
      "Properties": {
        "ApiId": {
          "Fn::GetAtt": [
            "AppSyncGraphqlApi48248BEB",
            "ApiId",
          ],
        },
        "Code": "import { util } from '@aws-appsync/utils';
export function request(ctx) {
  const teamId = ctx.args.teamId;
  return {
    operation: 'Query',
    query: {
      expression: 'pk = :pk',
      expressionValues: util.dynamodb.toMapValues({
        ':pk': 'TEAM#' + teamId
      })
    }
  };
}
export function response(ctx) {
  if (ctx.error) util.error(ctx.error.message, ctx.error.type);
  const items = ctx.result.items || [];
  let team = null;
  const members = [];
  for (const item of items) {
    if (item.sk === 'METADATA') {
      team = item;
    } else if (item.sk && item.sk.startsWith('MEMBER#')) {
      members.push(item);
    }
  }
  if (!team) return null;
  return { team, members };
}",
        "DataSourceName": "DynamoDB",
        "FieldName": "getTeamWithMembers",
        "Kind": "UNIT",
        "Runtime": {
          "Name": "APPSYNC_JS",
          "RuntimeVersion": "1.0.0",
        },
        "TypeName": "Query",
      },
      "Type": "AWS::AppSync::Resolver",
    },
    "AppSyncGraphqlGetUserByEmailResolver90411370": {
      "DependsOn": [
        "AppSyncGraphqlApiDynamoDBA02B9D11",
        "AppSyncGraphqlApiSchemaC2E94F39",
      ],
      "Properties": {
        "ApiId": {
          "Fn::GetAtt": [
            "AppSyncGraphqlApi48248BEB",
            "ApiId",
          ],
        },
        "Code": "import { util } from '@aws-appsync/utils';
export function request(ctx) {
  const email = ctx.args.email;
  return {
    operation: 'Query',
    index: 'gsi1',
    query: {
      expression: 'gsi1pk = :pk AND gsi1sk = :sk',
      expressionValues: util.dynamodb.toMapValues({
        ':pk': 'EMAIL#' + email,
        ':sk': 'USER'
      })
    },
    limit: 1
  };
}
export function response(ctx) {
  if (ctx.error) util.error(ctx.error.message, ctx.error.type);
  const items = ctx.result.items || [];
  return items.length > 0 ? items[0] : null;
}",
        "DataSourceName": "DynamoDB",
        "FieldName": "getUserByEmail",
        "Kind": "UNIT",
        "Runtime": {
          "Name": "APPSYNC_JS",
          "RuntimeVersion": "1.0.0",
        },
        "TypeName": "Query",
      },
      "Type": "AWS::AppSync::Resolver",
    },
    "AppSyncGraphqlListMembershipsForUserFn2DE30B8B": {
      "DependsOn": [
        "AppSyncGraphqlApiDynamoDBA02B9D11",
        "AppSyncGraphqlApiSchemaC2E94F39",
      ],
      "Properties": {
        "ApiId": {
          "Fn::GetAtt": [
            "AppSyncGraphqlApi48248BEB",
            "ApiId",
          ],
        },
        "Code": "import { util } from '@aws-appsync/utils';
export function request(ctx) {
  const userId = ctx.identity.sub;
  return {
    operation: 'Query',
    index: 'gsi1',
    query: {
      expression: 'gsi1pk = :pk',
      expressionValues: util.dynamodb.toMapValues({
        ':pk': 'USER#' + userId
      })
    }
  };
}
export function response(ctx) {
  if (ctx.error) util.error(ctx.error.message, ctx.error.type);
  ctx.stash.memberships = ctx.result.items || [];
  return ctx.result.items || [];
}",
        "DataSourceName": "DynamoDB",
        "FunctionVersion": "2018-05-29",
        "Name": "listMembershipsForUser",
        "Runtime": {
          "Name": "APPSYNC_JS",
          "RuntimeVersion": "1.0.0",
        },
      },
      "Type": "AWS::AppSync::FunctionConfiguration",
    },
    "AppSyncGraphqlListProjectsByTeamResolver5F6E1F61": {
      "DependsOn": [
        "AppSyncGraphqlApiDynamoDBA02B9D11",
        "AppSyncGraphqlApiSchemaC2E94F39",
      ],
      "Properties": {
        "ApiId": {
          "Fn::GetAtt": [
            "AppSyncGraphqlApi48248BEB",
            "ApiId",
          ],
        },
        "Code": "import { util } from '@aws-appsync/utils';
export function request(ctx) {
  const teamId = ctx.args.teamId;
  return {
    operation: 'Query',
    index: 'gsi2',
    query: {
      expression: 'gsi2pk = :pk AND begins_with(gsi2sk, :sk)',
      expressionValues: util.dynamodb.toMapValues({
        ':pk': 'TEAM#' + teamId,
        ':sk': 'PROJECT#'
      })
    }
  };
}
export function response(ctx) {
  if (ctx.error) util.error(ctx.error.message, ctx.error.type);
  return ctx.result.items || [];
}",
        "DataSourceName": "DynamoDB",
        "FieldName": "listProjectsByTeam",
        "Kind": "UNIT",
        "Runtime": {
          "Name": "APPSYNC_JS",
          "RuntimeVersion": "1.0.0",
        },
        "TypeName": "Query",
      },
      "Type": "AWS::AppSync::Resolver",
    },
    "AppSyncGraphqlListTeamsForUserResolver8DABE6AF": {
      "DependsOn": [
        "AppSyncGraphqlApiSchemaC2E94F39",
      ],
      "Properties": {
        "ApiId": {
          "Fn::GetAtt": [
            "AppSyncGraphqlApi48248BEB",
            "ApiId",
          ],
        },
        "Code": "export function request(ctx) { return {}; }
export function response(ctx) { return ctx.prev.result; }",
        "FieldName": "listTeamsForUser",
        "Kind": "PIPELINE",
        "PipelineConfig": {
          "Functions": [
            {
              "Fn::GetAtt": [
                "AppSyncGraphqlListMembershipsForUserFn2DE30B8B",
                "FunctionId",
              ],
            },
            {
              "Fn::GetAtt": [
                "AppSyncGraphqlBatchGetTeamsFn9CA14089",
                "FunctionId",
              ],
            },
          ],
        },
        "Runtime": {
          "Name": "APPSYNC_JS",
          "RuntimeVersion": "1.0.0",
        },
        "TypeName": "Query",
      },
      "Type": "AWS::AppSync::Resolver",
    },
    "AppSyncGraphqlRemoveTeamMemberResolver3F5966A9": {
      "DependsOn": [
        "AppSyncGraphqlApiDynamoDBA02B9D11",
        "AppSyncGraphqlApiSchemaC2E94F39",
      ],
      "Properties": {
        "ApiId": {
          "Fn::GetAtt": [
            "AppSyncGraphqlApi48248BEB",
            "ApiId",
          ],
        },
        "Code": "import { util } from '@aws-appsync/utils';
export function request(ctx) {
  const teamId = ctx.args.teamId;
  const userId = ctx.args.userId;
  return {
    operation: 'DeleteItem',
    key: util.dynamodb.toMapValues({
      pk: 'TEAM#' + teamId,
      sk: 'MEMBER#' + userId
    })
  };
}
export function response(ctx) {
  if (ctx.error) util.error(ctx.error.message, ctx.error.type);
  return true;
}",
        "DataSourceName": "DynamoDB",
        "FieldName": "removeTeamMember",
        "Kind": "UNIT",
        "Runtime": {
          "Name": "APPSYNC_JS",
          "RuntimeVersion": "1.0.0",
        },
        "TypeName": "Mutation",
      },
      "Type": "AWS::AppSync::Resolver",
    },
    "AppSyncGraphqlUpdateMemberRoleResolverDD9E80A5": {
      "DependsOn": [
        "AppSyncGraphqlApiDynamoDBA02B9D11",
        "AppSyncGraphqlApiSchemaC2E94F39",
      ],
      "Properties": {
        "ApiId": {
          "Fn::GetAtt": [
            "AppSyncGraphqlApi48248BEB",
            "ApiId",
          ],
        },
        "Code": "import { util } from '@aws-appsync/utils';
export function request(ctx) {
  const input = ctx.args.input;
  return {
    operation: 'UpdateItem',
    key: util.dynamodb.toMapValues({
      pk: 'TEAM#' + input.teamId,
      sk: 'MEMBER#' + input.userId
    }),
    update: {
      expression: 'SET #role = :role',
      expressionNames: { '#role': 'role' },
      expressionValues: { ':role': util.dynamodb.toDynamoDB(input.role) }
    }
  };
}
export function response(ctx) {
  if (ctx.error) util.error(ctx.error.message, ctx.error.type);
  return ctx.result;
}",
        "DataSourceName": "DynamoDB",
        "FieldName": "updateMemberRole",
        "Kind": "UNIT",
        "Runtime": {
          "Name": "APPSYNC_JS",
          "RuntimeVersion": "1.0.0",
        },
        "TypeName": "Mutation",
      },
      "Type": "AWS::AppSync::Resolver",
    },
    "AppSyncGraphqlUpdateTeamResolver823FCEEF": {
      "DependsOn": [
        "AppSyncGraphqlApiDynamoDBA02B9D11",
        "AppSyncGraphqlApiSchemaC2E94F39",
      ],
      "Properties": {
        "ApiId": {
          "Fn::GetAtt": [
            "AppSyncGraphqlApi48248BEB",
            "ApiId",
          ],
        },
        "Code": "import { util } from '@aws-appsync/utils';
export function request(ctx) {
  const teamId = ctx.args.teamId;
  const input = ctx.args.input;
  const now = util.time.nowISO8601();
  const expNames = { '#updatedAt': 'updatedAt' };
  const expValues = { ':updatedAt': util.dynamodb.toDynamoDB(now) };
  let updateExp = 'SET #updatedAt = :updatedAt';
  if (input.name !== undefined && input.name !== null) {
    expNames['#name'] = 'name';
    expValues[':name'] = util.dynamodb.toDynamoDB(input.name);
    updateExp += ', #name = :name';
  }
  if (input.description !== undefined) {
    expNames['#description'] = 'description';
    expValues[':description'] = util.dynamodb.toDynamoDB(input.description);
    updateExp += ', #description = :description';
  }
  return {
    operation: 'UpdateItem',
    key: util.dynamodb.toMapValues({ pk: 'TEAM#' + teamId, sk: 'METADATA' }),
    update: { expression: updateExp, expressionNames: expNames, expressionValues: expValues }
  };
}
export function response(ctx) {
  if (ctx.error) util.error(ctx.error.message, ctx.error.type);
  return ctx.result;
}",
        "DataSourceName": "DynamoDB",
        "FieldName": "updateTeam",
        "Kind": "UNIT",
        "Runtime": {
          "Name": "APPSYNC_JS",
          "RuntimeVersion": "1.0.0",
        },
        "TypeName": "Mutation",
      },
      "Type": "AWS::AppSync::Resolver",
    },
    "AsyncJobDeadLetterQueueCA49DDA5": {
      "DeletionPolicy": "Delete",
      "Properties": {
        "KmsMasterKeyId": "alias/aws/sqs",
        "MessageRetentionPeriod": 1209600,
        "QueueName": "TaskTitanForgeStack-AsyncJob-DLQ",
      },
      "Type": "AWS::SQS::Queue",
      "UpdateReplacePolicy": "Delete",
    },
    "AsyncJobDeadLetterQueuePolicyEB5A242F": {
      "Properties": {
        "PolicyDocument": {
          "Statement": [
            {
              "Action": "sqs:*",
              "Condition": {
                "Bool": {
                  "aws:SecureTransport": "false",
                },
              },
              "Effect": "Deny",
              "Principal": {
                "AWS": "*",
              },
              "Resource": {
                "Fn::GetAtt": [
                  "AsyncJobDeadLetterQueueCA49DDA5",
                  "Arn",
                ],
              },
            },
          ],
          "Version": "2012-10-17",
        },
        "Queues": [
          {
            "Ref": "AsyncJobDeadLetterQueueCA49DDA5",
          },
        ],
      },
      "Type": "AWS::SQS::QueuePolicy",
    },
    "AsyncJobHandler438266BD": {
      "DependsOn": [
        "AsyncJobHandlerServiceRoleDefaultPolicy0B2DEDB5",
        "AsyncJobHandlerServiceRoleFE9F530F",
      ],
      "Properties": {
        "Architectures": [
          "arm64",
        ],
        "Code": {
          "ImageUri": {
            "Fn::Sub": "REDACTED",
          },
        },
        "DeadLetterConfig": {
          "TargetArn": {
            "Fn::GetAtt": [
              "AsyncJobDeadLetterQueueCA49DDA5",
              "Arn",
            ],
          },
        },
        "Environment": {
          "Variables": {
            "DYNAMODB_TABLE_NAME": {
              "Ref": "DynamoTableE5532DA8",
            },
            "EVENT_HTTP_ENDPOINT": {
              "Fn::Join": [
                "",
                [
                  "https://",
                  {
                    "Fn::GetAtt": [
                      "EventBusApi6E8C7C94",
                      "Dns.Http",
                    ],
                  },
                ],
              ],
            },
            "LOG_LEVEL": "INFO",
            "POWERTOOLS_SERVICE_NAME": "TaskTitanAsyncJob",
          },
        },
        "ImageConfig": {
          "Command": [
            "async-job-runner.handler",
          ],
        },
        "MemorySize": 1024,
        "PackageType": "Image",
        "ReservedConcurrentExecutions": 100,
        "Role": {
          "Fn::GetAtt": [
            "AsyncJobHandlerServiceRoleFE9F530F",
            "Arn",
          ],
        },
        "Timeout": 600,
        "TracingConfig": {
          "Mode": "Active",
        },
      },
      "Type": "AWS::Lambda::Function",
    },
    "AsyncJobHandlerEventInvokeConfig1311040B": {
      "Properties": {
        "FunctionName": {
          "Ref": "AsyncJobHandler438266BD",
        },
        "MaximumRetryAttempts": 2,
        "Qualifier": "$LATEST",
      },
      "Type": "AWS::Lambda::EventInvokeConfig",
    },
    "AsyncJobHandlerServiceRoleDefaultPolicy0B2DEDB5": {
      "Properties": {
        "PolicyDocument": {
          "Statement": [
            {
              "Action": "sqs:SendMessage",
              "Effect": "Allow",
              "Resource": {
                "Fn::GetAtt": [
                  "AsyncJobDeadLetterQueueCA49DDA5",
                  "Arn",
                ],
              },
            },
            {
              "Action": [
                "xray:PutTraceSegments",
                "xray:PutTelemetryRecords",
              ],
              "Effect": "Allow",
              "Resource": "*",
            },
            {
              "Action": [
                "dynamodb:BatchGetItem",
                "dynamodb:Query",
                "dynamodb:GetItem",
                "dynamodb:Scan",
                "dynamodb:ConditionCheckItem",
                "dynamodb:BatchWriteItem",
                "dynamodb:PutItem",
                "dynamodb:UpdateItem",
                "dynamodb:DeleteItem",
                "dynamodb:DescribeTable",
              ],
              "Effect": "Allow",
              "Resource": [
                {
                  "Fn::GetAtt": [
                    "DynamoTableE5532DA8",
                    "Arn",
                  ],
                },
                {
                  "Fn::Join": [
                    "",
                    [
                      {
                        "Fn::GetAtt": [
                          "DynamoTableE5532DA8",
                          "Arn",
                        ],
                      },
                      "/index/*",
                    ],
                  ],
                },
              ],
            },
            {
              "Action": [
                "dynamodb:GetRecords",
                "dynamodb:GetShardIterator",
              ],
              "Effect": "Allow",
              "Resource": [
                {
                  "Fn::GetAtt": [
                    "DynamoTableE5532DA8",
                    "Arn",
                  ],
                },
                {
                  "Fn::Join": [
                    "",
                    [
                      {
                        "Fn::GetAtt": [
                          "DynamoTableE5532DA8",
                          "Arn",
                        ],
                      },
                      "/index/*",
                    ],
                  ],
                },
              ],
            },
            {
              "Action": "appsync:EventPublish",
              "Effect": "Allow",
              "Resource": {
                "Fn::Join": [
                  "",
                  [
                    "arn:",
                    {
                      "Ref": "AWS::Partition",
                    },
                    ":appsync:us-east-2:123456789012:apis/",
                    {
                      "Fn::GetAtt": [
                        "EventBusApi6E8C7C94",
                        "ApiId",
                      ],
                    },
                    "/channelNamespace/*",
                  ],
                ],
              },
            },
            {
              "Action": [
                "translate:TranslateText",
                "comprehend:DetectDominantLanguage",
              ],
              "Effect": "Allow",
              "Resource": "*",
            },
            {
              "Action": "bedrock:InvokeModel",
              "Effect": "Allow",
              "Resource": [
                "arn:aws:bedrock:us-east-2:123456789012:inference-profile/global.anthropic.claude-sonnet-4-5-*",
                "arn:aws:bedrock:us-east-2:123456789012:inference-profile/us.anthropic.claude-sonnet-4-5-*",
                "arn:aws:bedrock:*:123456789012:foundation-model/anthropic.claude-*",
              ],
            },
          ],
          "Version": "2012-10-17",
        },
        "PolicyName": "AsyncJobHandlerServiceRoleDefaultPolicy0B2DEDB5",
        "Roles": [
          {
            "Ref": "AsyncJobHandlerServiceRoleFE9F530F",
          },
        ],
      },
      "Type": "AWS::IAM::Policy",
    },
    "AsyncJobHandlerServiceRoleFE9F530F": {
      "Properties": {
        "AssumeRolePolicyDocument": {
          "Statement": [
            {
              "Action": "sts:AssumeRole",
              "Effect": "Allow",
              "Principal": {
                "Service": "lambda.amazonaws.com",
              },
            },
          ],
          "Version": "2012-10-17",
        },
        "ManagedPolicyArns": [
          {
            "Fn::Join": [
              "",
              [
                "arn:",
                {
                  "Ref": "AWS::Partition",
                },
                ":iam::aws:policy/service-role/AWSLambdaBasicExecutionRole",
              ],
            ],
          },
        ],
      },
      "Type": "AWS::IAM::Role",
    },
    "AuthBranding34BB87FD": {
      "Properties": {
        "ClientId": {
          "Ref": "AuthUserPoolClientC635291F",
        },
        "UseCognitoProvidedValues": true,
        "UserPoolId": {
          "Ref": "AuthUserPool8115E87F",
        },
      },
      "Type": "AWS::Cognito::ManagedLoginBranding",
    },
    "AuthDomainPrefixE1742B23": {
      "DeletionPolicy": "Delete",
      "Properties": {
        "ServiceTimeout": "10",
        "ServiceToken": {
          "Fn::GetAtt": [
            "RandomStringGenerator11e9c903f11a4989833c985dddef5eb28C5103D0",
            "Arn",
          ],
        },
        "length": 10,
        "prefix": "webapp-",
      },
      "Type": "Custom::RandomString",
      "UpdateReplacePolicy": "Delete",
    },
    "AuthUpdateCallbackUrlsA55622E9": {
      "DeletionPolicy": "Delete",
      "DependsOn": [
        "AuthUpdateCallbackUrlsCustomResourcePolicy14EEB23D",
      ],
      "Properties": {
        "Create": {
          "Fn::Join": [
            "",
            [
              "{"service":"@aws-sdk/client-cognito-identity-provider","action":"updateUserPoolClient","parameters":{"ClientId":"",
              {
                "Ref": "AuthUserPoolClientC635291F",
              },
              "","UserPoolId":"",
              {
                "Ref": "AuthUserPool8115E87F",
              },
              "","AllowedOAuthFlows":["code"],"AllowedOAuthFlowsUserPoolClient":true,"AllowedOAuthScopes":["profile","phone","email","openid","aws.cognito.signin.user.admin"],"ExplicitAuthFlows":["ALLOW_USER_PASSWORD_AUTH","ALLOW_USER_SRP_AUTH","ALLOW_REFRESH_TOKEN_AUTH"],"CallbackURLs":["https://",
              {
                "Fn::GetAtt": [
                  "WebappService6D458A13",
                  "ServiceUrl",
                ],
              },
              "/api/auth/sign-in-callback","http://localhost:3010/api/auth/sign-in-callback"],"LogoutURLs":["https://",
              {
                "Fn::GetAtt": [
                  "WebappService6D458A13",
                  "ServiceUrl",
                ],
              },
              "/api/auth/sign-out-callback","http://localhost:3010/api/auth/sign-out-callback"],"SupportedIdentityProviders":["COGNITO"],"TokenValidityUnits":{"IdToken":"minutes"},"IdTokenValidity":1440},"physicalResourceId":{"id":"",
              {
                "Ref": "AuthUserPool8115E87F",
              },
              ""}}",
            ],
          ],
        },
        "InstallLatestAwsSdk": true,
        "ServiceToken": {
          "Fn::GetAtt": [
            "AWS679f53fac002430cb0da5b7982bd22872D164C4C",
            "Arn",
          ],
        },
        "Update": {
          "Fn::Join": [
            "",
            [
              "{"service":"@aws-sdk/client-cognito-identity-provider","action":"updateUserPoolClient","parameters":{"ClientId":"",
              {
                "Ref": "AuthUserPoolClientC635291F",
              },
              "","UserPoolId":"",
              {
                "Ref": "AuthUserPool8115E87F",
              },
              "","AllowedOAuthFlows":["code"],"AllowedOAuthFlowsUserPoolClient":true,"AllowedOAuthScopes":["profile","phone","email","openid","aws.cognito.signin.user.admin"],"ExplicitAuthFlows":["ALLOW_USER_PASSWORD_AUTH","ALLOW_USER_SRP_AUTH","ALLOW_REFRESH_TOKEN_AUTH"],"CallbackURLs":["https://",
              {
                "Fn::GetAtt": [
                  "WebappService6D458A13",
                  "ServiceUrl",
                ],
              },
              "/api/auth/sign-in-callback","http://localhost:3010/api/auth/sign-in-callback"],"LogoutURLs":["https://",
              {
                "Fn::GetAtt": [
                  "WebappService6D458A13",
                  "ServiceUrl",
                ],
              },
              "/api/auth/sign-out-callback","http://localhost:3010/api/auth/sign-out-callback"],"SupportedIdentityProviders":["COGNITO"],"TokenValidityUnits":{"IdToken":"minutes"},"IdTokenValidity":1440},"physicalResourceId":{"id":"",
              {
                "Ref": "AuthUserPool8115E87F",
              },
              ""}}",
            ],
          ],
        },
      },
      "Type": "Custom::AWS",
      "UpdateReplacePolicy": "Delete",
    },
    "AuthUpdateCallbackUrlsCustomResourcePolicy14EEB23D": {
      "Properties": {
        "PolicyDocument": {
          "Statement": [
            {
              "Action": "cognito-idp:UpdateUserPoolClient",
              "Effect": "Allow",
              "Resource": {
                "Fn::GetAtt": [
                  "AuthUserPool8115E87F",
                  "Arn",
                ],
              },
            },
          ],
          "Version": "2012-10-17",
        },
        "PolicyName": "AuthUpdateCallbackUrlsCustomResourcePolicy14EEB23D",
        "Roles": [
          {
            "Ref": "AWS679f53fac002430cb0da5b7982bd2287ServiceRoleC1EA0FF2",
          },
        ],
      },
      "Type": "AWS::IAM::Policy",
    },
    "AuthUserPool8115E87F": {
      "DeletionPolicy": "Retain",
      "Properties": {
        "AccountRecoverySetting": {
          "RecoveryMechanisms": [
            {
              "Name": "verified_email",
              "Priority": 1,
            },
          ],
        },
        "AdminCreateUserConfig": {
          "AllowAdminCreateUserOnly": true,
          "InviteMessageTemplate": {
            "EmailMessage": "Hello,

Your TaskTitan account has been created.

Username: {username}
Temporary Password: {####}

Please sign in and you will be prompted to set a permanent password.

This temporary password expires in 7 days.

Welcome to intelligent project planning!
- The TaskTitan Team",
            "EmailSubject": "Welcome to TaskTitan - Your account is ready",
          },
        },
        "AutoVerifiedAttributes": [
          "email",
        ],
        "EmailVerificationMessage": "Your TaskTitan verification code is {####}",
        "EmailVerificationSubject": "Verify your TaskTitan account",
        "Policies": {
          "PasswordPolicy": {
            "MinimumLength": 8,
            "RequireNumbers": true,
            "RequireSymbols": true,
            "RequireUppercase": true,
          },
        },
        "SmsVerificationMessage": "The verification code to your new account is {####}",
        "UsernameAttributes": [
          "email",
        ],
        "VerificationMessageTemplate": {
          "DefaultEmailOption": "CONFIRM_WITH_CODE",
          "EmailMessage": "Your TaskTitan verification code is {####}",
          "EmailSubject": "Verify your TaskTitan account",
          "SmsMessage": "The verification code to your new account is {####}",
        },
      },
      "Type": "AWS::Cognito::UserPool",
      "UpdateReplacePolicy": "Retain",
    },
    "AuthUserPoolClientC635291F": {
      "Properties": {
        "AccessTokenValidity": 60,
        "AllowedOAuthFlows": [
          "code",
        ],
        "AllowedOAuthFlowsUserPoolClient": true,
        "AllowedOAuthScopes": [
          "profile",
          "phone",
          "email",
          "openid",
          "aws.cognito.signin.user.admin",
        ],
        "CallbackURLs": [
          "http://localhost/dummy",
        ],
        "EnableTokenRevocation": true,
        "ExplicitAuthFlows": [
          "ALLOW_USER_PASSWORD_AUTH",
          "ALLOW_USER_SRP_AUTH",
          "ALLOW_REFRESH_TOKEN_AUTH",
        ],
        "IdTokenValidity": 1440,
        "LogoutURLs": [
          "http://localhost/dummy",
        ],
        "RefreshTokenValidity": 43200,
        "SupportedIdentityProviders": [
          "COGNITO",
        ],
        "TokenValidityUnits": {
          "AccessToken": "minutes",
          "IdToken": "minutes",
          "RefreshToken": "minutes",
        },
        "UserPoolId": {
          "Ref": "AuthUserPool8115E87F",
        },
      },
      "Type": "AWS::Cognito::UserPoolClient",
    },
    "AuthUserPoolCognitoDomainAD9D79E1": {
      "Properties": {
        "Domain": {
          "Fn::GetAtt": [
            "AuthDomainPrefixE1742B23",
            "generated",
          ],
        },
        "ManagedLoginVersion": 2,
        "UserPoolId": {
          "Ref": "AuthUserPool8115E87F",
        },
      },
      "Type": "AWS::Cognito::UserPoolDomain",
    },
    "CustomS3AutoDeleteObjectsCustomResourceProviderHandler9D90184F": {
      "DependsOn": [
        "CustomS3AutoDeleteObjectsCustomResourceProviderRole3B1BD092",
      ],
      "Properties": {
        "Code": {
          "S3Bucket": "cdk-hnb659fds-assets-123456789012-us-east-2",
          "S3Key": "REDACTED",
        },
        "Description": {
          "Fn::Join": [
            "",
            [
              "Lambda function for auto-deleting objects in ",
              {
                "Ref": "AccessLogBucketDA470295",
              },
              " S3 bucket.",
            ],
          ],
        },
        "Handler": "index.handler",
        "MemorySize": 128,
        "Role": {
          "Fn::GetAtt": [
            "CustomS3AutoDeleteObjectsCustomResourceProviderRole3B1BD092",
            "Arn",
          ],
        },
        "Runtime": "nodejs22.x",
        "Timeout": 900,
      },
      "Type": "AWS::Lambda::Function",
    },
    "CustomS3AutoDeleteObjectsCustomResourceProviderRole3B1BD092": {
      "Properties": {
        "AssumeRolePolicyDocument": {
          "Statement": [
            {
              "Action": "sts:AssumeRole",
              "Effect": "Allow",
              "Principal": {
                "Service": "lambda.amazonaws.com",
              },
            },
          ],
          "Version": "2012-10-17",
        },
        "ManagedPolicyArns": [
          {
            "Fn::Sub": "arn:\${AWS::Partition}:iam::aws:policy/service-role/AWSLambdaBasicExecutionRole",
          },
        ],
      },
      "Type": "AWS::IAM::Role",
    },
    "DynamoTableE5532DA8": {
      "DeletionPolicy": "Retain",
      "Properties": {
        "AttributeDefinitions": [
          {
            "AttributeName": "pk",
            "AttributeType": "S",
          },
          {
            "AttributeName": "sk",
            "AttributeType": "S",
          },
          {
            "AttributeName": "gsi1pk",
            "AttributeType": "S",
          },
          {
            "AttributeName": "gsi1sk",
            "AttributeType": "S",
          },
          {
            "AttributeName": "gsi2pk",
            "AttributeType": "S",
          },
          {
            "AttributeName": "gsi2sk",
            "AttributeType": "S",
          },
          {
            "AttributeName": "gsi3pk",
            "AttributeType": "S",
          },
          {
            "AttributeName": "gsi3sk",
            "AttributeType": "S",
          },
        ],
        "BillingMode": "PAY_PER_REQUEST",
        "ContributorInsightsSpecification": {
          "Enabled": true,
        },
        "GlobalSecondaryIndexes": [
          {
            "IndexName": "gsi1",
            "KeySchema": [
              {
                "AttributeName": "gsi1pk",
                "KeyType": "HASH",
              },
              {
                "AttributeName": "gsi1sk",
                "KeyType": "RANGE",
              },
            ],
            "Projection": {
              "ProjectionType": "ALL",
            },
          },
          {
            "IndexName": "gsi2",
            "KeySchema": [
              {
                "AttributeName": "gsi2pk",
                "KeyType": "HASH",
              },
              {
                "AttributeName": "gsi2sk",
                "KeyType": "RANGE",
              },
            ],
            "Projection": {
              "ProjectionType": "ALL",
            },
          },
          {
            "IndexName": "gsi3",
            "KeySchema": [
              {
                "AttributeName": "gsi3pk",
                "KeyType": "HASH",
              },
              {
                "AttributeName": "gsi3sk",
                "KeyType": "RANGE",
              },
            ],
            "Projection": {
              "ProjectionType": "ALL",
            },
          },
        ],
        "KeySchema": [
          {
            "AttributeName": "pk",
            "KeyType": "HASH",
          },
          {
            "AttributeName": "sk",
            "KeyType": "RANGE",
          },
        ],
        "PointInTimeRecoverySpecification": {
          "PointInTimeRecoveryEnabled": true,
        },
        "SSESpecification": {
          "SSEEnabled": true,
        },
        "StreamSpecification": {
          "StreamViewType": "NEW_AND_OLD_IMAGES",
        },
        "TableName": "TaskTitanForgeStack-TaskTitan",
      },
      "Type": "AWS::DynamoDB::Table",
      "UpdateReplacePolicy": "Retain",
    },
    "EventBusApi6E8C7C94": {
      "Properties": {
        "EventConfig": {
          "AuthProviders": [
            {
              "AuthType": "AWS_IAM",
            },
            {
              "AuthType": "AMAZON_COGNITO_USER_POOLS",
              "CognitoConfig": {
                "AwsRegion": "us-east-2",
                "UserPoolId": {
                  "Ref": "AuthUserPool8115E87F",
                },
              },
            },
          ],
          "ConnectionAuthModes": [
            {
              "AuthType": "AWS_IAM",
            },
            {
              "AuthType": "AMAZON_COGNITO_USER_POOLS",
            },
          ],
          "DefaultPublishAuthModes": [
            {
              "AuthType": "AWS_IAM",
            },
          ],
          "DefaultSubscribeAuthModes": [
            {
              "AuthType": "AWS_IAM",
            },
            {
              "AuthType": "AMAZON_COGNITO_USER_POOLS",
            },
          ],
        },
        "Name": "TaskTitanFoackEventBus40A42A7F",
      },
      "Type": "AWS::AppSync::Api",
    },
    "EventBusNamespaceA69F015E": {
      "Properties": {
        "ApiId": {
          "Fn::GetAtt": [
            "EventBusApi6E8C7C94",
            "ApiId",
          ],
        },
        "CodeS3Location": "s3://cdk-hnb659fds-assets-123456789012-us-east-2/REDACTED",
        "HandlerConfigs": {},
        "Name": "event-bus",
      },
      "Type": "AWS::AppSync::ChannelNamespace",
    },
    "MonitoringDashboard0C3675C6": {
      "Properties": {
        "DashboardBody": {
          "Fn::Join": [
            "",
            [
              "{"widgets":[{"type":"text","width":24,"height":2,"x":0,"y":0,"properties":{"markdown":"# TaskTitan Monitoring Dashboard\\n\\nReal-time application health and performance metrics"}},{"type":"text","width":24,"height":1,"x":0,"y":2,"properties":{"markdown":"## Lambda Functions"}},{"type":"metric","width":12,"height":6,"x":0,"y":3,"properties":{"view":"timeSeries","title":"Lambda Invocations (5 min)","region":"",
              {
                "Ref": "AWS::Region",
              },
              "","metrics":[["AWS/Lambda","Invocations","FunctionName","",
              {
                "Ref": "AsyncJobHandler438266BD",
              },
              "",{"label":"AsyncJob","stat":"Sum"}]],"yAxis":{}}},{"type":"metric","width":12,"height":6,"x":0,"y":9,"properties":{"view":"timeSeries","title":"Lambda Errors (5 min)","region":"",
              {
                "Ref": "AWS::Region",
              },
              "","metrics":[["AWS/Lambda","Errors","FunctionName","",
              {
                "Ref": "AsyncJobHandler438266BD",
              },
              "",{"label":"AsyncJob","stat":"Sum"}]],"yAxis":{}}},{"type":"metric","width":12,"height":6,"x":0,"y":15,"properties":{"view":"timeSeries","title":"Lambda Duration Average (ms)","region":"",
              {
                "Ref": "AWS::Region",
              },
              "","metrics":[["AWS/Lambda","Duration","FunctionName","",
              {
                "Ref": "AsyncJobHandler438266BD",
              },
              "",{"label":"AsyncJob"}]],"yAxis":{}}},{"type":"metric","width":12,"height":6,"x":0,"y":21,"properties":{"view":"timeSeries","title":"Lambda Concurrent Executions","region":"",
              {
                "Ref": "AWS::Region",
              },
              "","metrics":[["AWS/Lambda","ConcurrentExecutions","FunctionName","",
              {
                "Ref": "AsyncJobHandler438266BD",
              },
              "",{"label":"AsyncJob","stat":"Maximum"}]],"yAxis":{}}},{"type":"text","width":24,"height":1,"x":0,"y":27,"properties":{"markdown":"## DynamoDB"}},{"type":"metric","width":12,"height":6,"x":0,"y":28,"properties":{"view":"timeSeries","title":"DynamoDB Consumed Capacity Units","region":"",
              {
                "Ref": "AWS::Region",
              },
              "","metrics":[["AWS/DynamoDB","ConsumedReadCapacityUnits","TableName","",
              {
                "Ref": "DynamoTableE5532DA8",
              },
              "",{"label":"Read Capacity Units","stat":"Sum"}],["AWS/DynamoDB","ConsumedWriteCapacityUnits","TableName","",
              {
                "Ref": "DynamoTableE5532DA8",
              },
              "",{"label":"Write Capacity Units","stat":"Sum"}]],"yAxis":{}}},{"type":"metric","width":12,"height":6,"x":0,"y":34,"properties":{"view":"timeSeries","title":"DynamoDB Throttled Requests","region":"",
              {
                "Ref": "AWS::Region",
              },
              "","metrics":[["AWS/DynamoDB","ThrottledRequests","TableName","",
              {
                "Ref": "DynamoTableE5532DA8",
              },
              "",{"label":"Throttled Requests","stat":"Sum"}]],"yAxis":{}}},{"type":"metric","width":12,"height":6,"x":0,"y":40,"properties":{"view":"timeSeries","title":"DynamoDB Latency (ms)","region":"",
              {
                "Ref": "AWS::Region",
              },
              "","metrics":[["AWS/DynamoDB","SuccessfulRequestLatency","Operation","GetItem","TableName","",
              {
                "Ref": "DynamoTableE5532DA8",
              },
              "",{"label":"GetItem Latency"}],["AWS/DynamoDB","SuccessfulRequestLatency","Operation","Query","TableName","",
              {
                "Ref": "DynamoTableE5532DA8",
              },
              "",{"label":"Query Latency"}],["AWS/DynamoDB","SuccessfulRequestLatency","Operation","PutItem","TableName","",
              {
                "Ref": "DynamoTableE5532DA8",
              },
              "",{"label":"PutItem Latency"}]],"yAxis":{}}},{"type":"metric","width":12,"height":6,"x":0,"y":46,"properties":{"view":"timeSeries","title":"DynamoDB Errors","region":"",
              {
                "Ref": "AWS::Region",
              },
              "","metrics":[["AWS/DynamoDB","SystemErrors","TableName","",
              {
                "Ref": "DynamoTableE5532DA8",
              },
              "",{"label":"System Errors","stat":"Sum"}],["AWS/DynamoDB","UserErrors","TableName","",
              {
                "Ref": "DynamoTableE5532DA8",
              },
              "",{"label":"User Errors","stat":"Sum"}]],"yAxis":{}}}]}",
            ],
          ],
        },
        "DashboardName": "TaskTitan-Monitoring",
      },
      "Type": "AWS::CloudWatch::Dashboard",
    },
    "RandomStringGenerator11e9c903f11a4989833c985dddef5eb28C5103D0": {
      "DependsOn": [
        "RandomStringGenerator11e9c903f11a4989833c985dddef5eb2ServiceRoleAB6B57A9",
      ],
      "Properties": {
        "Code": {
          "ZipFile": "const response = require('cfn-response');
const crypto = require('crypto');

exports.handler = async function (event, context) {
  try {
    console.log(event);
    if (event.RequestType == 'Delete') {
      return await response.send(event, context, response.SUCCESS);
    }

    const prefix = event.ResourceProperties.prefix ?? '';
    const length = event.ResourceProperties.length ?? '8';
    const generate = () => {
      const random = crypto.randomBytes(parseInt(length)).toString('hex');
      return \`\${prefix}\${random.slice(0, length)}\`;
    };

    if (event.RequestType == 'Create') {
      const generated = generate();
      return await response.send(event, context, response.SUCCESS, { generated }, generated);
    }
    if (event.RequestType == 'Update') {
      const current = event.PhysicalResourceId;
      if (current.startsWith(prefix)) {
        return await response.send(event, context, response.SUCCESS, { generated: current }, current);
      }
      const generated = generate();
      return await response.send(event, context, response.SUCCESS, { generated }, generated);
    }
  } catch (e) {
    console.log(e);
    await response.send(event, context, response.FAILED);
  }
};
",
        },
        "Handler": "index.handler",
        "Role": {
          "Fn::GetAtt": [
            "RandomStringGenerator11e9c903f11a4989833c985dddef5eb2ServiceRoleAB6B57A9",
            "Arn",
          ],
        },
        "Runtime": "nodejs22.x",
        "Timeout": 5,
      },
      "Type": "AWS::Lambda::Function",
    },
    "RandomStringGenerator11e9c903f11a4989833c985dddef5eb2ServiceRoleAB6B57A9": {
      "Properties": {
        "AssumeRolePolicyDocument": {
          "Statement": [
            {
              "Action": "sts:AssumeRole",
              "Effect": "Allow",
              "Principal": {
                "Service": "lambda.amazonaws.com",
              },
            },
          ],
          "Version": "2012-10-17",
        },
        "ManagedPolicyArns": [
          {
            "Fn::Join": [
              "",
              [
                "arn:",
                {
                  "Ref": "AWS::Partition",
                },
                ":iam::aws:policy/service-role/AWSLambdaBasicExecutionRole",
              ],
            ],
          },
        ],
      },
      "Type": "AWS::IAM::Role",
    },
    "StaticFrontendBucket37767DD7": {
      "DeletionPolicy": "Delete",
      "Properties": {
        "BucketEncryption": {
          "ServerSideEncryptionConfiguration": [
            {
              "ServerSideEncryptionByDefault": {
                "SSEAlgorithm": "AES256",
              },
            },
          ],
        },
        "OwnershipControls": {
          "Rules": [
            {
              "ObjectOwnership": "ObjectWriter",
            },
          ],
        },
        "PublicAccessBlockConfiguration": {
          "BlockPublicAcls": true,
          "BlockPublicPolicy": true,
          "IgnorePublicAcls": true,
          "RestrictPublicBuckets": true,
        },
        "Tags": [
          {
            "Key": "aws-cdk:auto-delete-objects",
            "Value": "true",
          },
        ],
      },
      "Type": "AWS::S3::Bucket",
      "UpdateReplacePolicy": "Delete",
    },
    "StaticFrontendBucketAutoDeleteObjectsCustomResourceC368FD3A": {
      "DeletionPolicy": "Delete",
      "DependsOn": [
        "StaticFrontendBucketPolicy5DC81360",
      ],
      "Properties": {
        "BucketName": {
          "Ref": "StaticFrontendBucket37767DD7",
        },
        "ServiceToken": {
          "Fn::GetAtt": [
            "CustomS3AutoDeleteObjectsCustomResourceProviderHandler9D90184F",
            "Arn",
          ],
        },
      },
      "Type": "Custom::S3AutoDeleteObjects",
      "UpdateReplacePolicy": "Delete",
    },
    "StaticFrontendBucketPolicy5DC81360": {
      "Properties": {
        "Bucket": {
          "Ref": "StaticFrontendBucket37767DD7",
        },
        "PolicyDocument": {
          "Statement": [
            {
              "Action": "s3:*",
              "Condition": {
                "Bool": {
                  "aws:SecureTransport": "false",
                },
              },
              "Effect": "Deny",
              "Principal": {
                "AWS": "*",
              },
              "Resource": [
                {
                  "Fn::GetAtt": [
                    "StaticFrontendBucket37767DD7",
                    "Arn",
                  ],
                },
                {
                  "Fn::Join": [
                    "",
                    [
                      {
                        "Fn::GetAtt": [
                          "StaticFrontendBucket37767DD7",
                          "Arn",
                        ],
                      },
                      "/*",
                    ],
                  ],
                },
              ],
            },
            {
              "Action": [
                "s3:PutBucketPolicy",
                "s3:GetBucket*",
                "s3:List*",
                "s3:DeleteObject*",
              ],
              "Effect": "Allow",
              "Principal": {
                "AWS": {
                  "Fn::GetAtt": [
                    "CustomS3AutoDeleteObjectsCustomResourceProviderRole3B1BD092",
                    "Arn",
                  ],
                },
              },
              "Resource": [
                {
                  "Fn::GetAtt": [
                    "StaticFrontendBucket37767DD7",
                    "Arn",
                  ],
                },
                {
                  "Fn::Join": [
                    "",
                    [
                      {
                        "Fn::GetAtt": [
                          "StaticFrontendBucket37767DD7",
                          "Arn",
                        ],
                      },
                      "/*",
                    ],
                  ],
                },
              ],
            },
            {
              "Action": [
                "s3:GetObject*",
                "s3:GetBucket*",
                "s3:List*",
              ],
              "Effect": "Allow",
              "Principal": {
                "CanonicalUser": {
                  "Fn::GetAtt": [
                    "StaticFrontendOAI06335787",
                    "S3CanonicalUserId",
                  ],
                },
              },
              "Resource": [
                {
                  "Fn::GetAtt": [
                    "StaticFrontendBucket37767DD7",
                    "Arn",
                  ],
                },
                {
                  "Fn::Join": [
                    "",
                    [
                      {
                        "Fn::GetAtt": [
                          "StaticFrontendBucket37767DD7",
                          "Arn",
                        ],
                      },
                      "/*",
                    ],
                  ],
                },
              ],
            },
            {
              "Action": "s3:GetObject",
              "Effect": "Allow",
              "Principal": {
                "CanonicalUser": {
                  "Fn::GetAtt": [
                    "StaticFrontendOAI06335787",
                    "S3CanonicalUserId",
                  ],
                },
              },
              "Resource": {
                "Fn::Join": [
                  "",
                  [
                    {
                      "Fn::GetAtt": [
                        "StaticFrontendBucket37767DD7",
                        "Arn",
                      ],
                    },
                    "/*",
                  ],
                ],
              },
            },
          ],
          "Version": "2012-10-17",
        },
      },
      "Type": "AWS::S3::BucketPolicy",
    },
    "StaticFrontendDistribution1DBCD836": {
      "Properties": {
        "DistributionConfig": {
          "Comment": "TaskTitanForgeStack static frontend",
          "CustomErrorResponses": [
            {
              "ErrorCachingMinTTL": 0,
              "ErrorCode": 403,
              "ResponseCode": 200,
              "ResponsePagePath": "/index.html",
            },
            {
              "ErrorCachingMinTTL": 0,
              "ErrorCode": 404,
              "ResponseCode": 200,
              "ResponsePagePath": "/index.html",
            },
          ],
          "DefaultCacheBehavior": {
            "AllowedMethods": [
              "GET",
              "HEAD",
              "OPTIONS",
            ],
            "CachePolicyId": "658327ea-f89d-4fab-a63d-7e88639e58f6",
            "Compress": true,
            "TargetOriginId": "TaskTitanForgeStackStaticFrontendDistributionOrigin11BFA011E",
            "ViewerProtocolPolicy": "redirect-to-https",
          },
          "DefaultRootObject": "index.html",
          "Enabled": true,
          "HttpVersion": "http2and3",
          "IPV6Enabled": true,
          "Logging": {
            "Bucket": {
              "Fn::GetAtt": [
                "AccessLogBucketDA470295",
                "RegionalDomainName",
              ],
            },
            "Prefix": "static-frontend/",
          },
          "Origins": [
            {
              "DomainName": {
                "Fn::GetAtt": [
                  "StaticFrontendBucket37767DD7",
                  "RegionalDomainName",
                ],
              },
              "Id": "TaskTitanForgeStackStaticFrontendDistributionOrigin11BFA011E",
              "S3OriginConfig": {
                "OriginAccessIdentity": {
                  "Fn::Join": [
                    "",
                    [
                      "origin-access-identity/cloudfront/",
                      {
                        "Ref": "StaticFrontendOAI06335787",
                      },
                    ],
                  ],
                },
              },
            },
          ],
          "PriceClass": "PriceClass_100",
        },
      },
      "Type": "AWS::CloudFront::Distribution",
    },
    "StaticFrontendOAI06335787": {
      "Properties": {
        "CloudFrontOriginAccessIdentityConfig": {
          "Comment": "OAI for TaskTitanForgeStack static frontend",
        },
      },
      "Type": "AWS::CloudFront::CloudFrontOriginAccessIdentity",
    },
    "WebappAutoScalingD01023F3": {
      "Properties": {
        "AutoScalingConfigurationName": "TaskTitanForgeStack-autoscaling",
        "MaxConcurrency": 100,
        "MaxSize": 10,
        "MinSize": 1,
      },
      "Type": "AWS::AppRunner::AutoScalingConfiguration",
    },
    "WebappInstanceRoleC33026A1": {
      "Properties": {
        "AssumeRolePolicyDocument": {
          "Statement": [
            {
              "Action": "sts:AssumeRole",
              "Effect": "Allow",
              "Principal": {
                "Service": "tasks.apprunner.amazonaws.com",
              },
            },
          ],
          "Version": "2012-10-17",
        },
        "Description": "Role for TaskTitan App Runner service to access AWS services",
      },
      "Type": "AWS::IAM::Role",
    },
    "WebappInstanceRoleDefaultPolicyD16CB624": {
      "Properties": {
        "PolicyDocument": {
          "Statement": [
            {
              "Action": [
                "dynamodb:BatchGetItem",
                "dynamodb:Query",
                "dynamodb:GetItem",
                "dynamodb:Scan",
                "dynamodb:ConditionCheckItem",
                "dynamodb:BatchWriteItem",
                "dynamodb:PutItem",
                "dynamodb:UpdateItem",
                "dynamodb:DeleteItem",
                "dynamodb:DescribeTable",
              ],
              "Effect": "Allow",
              "Resource": [
                {
                  "Fn::GetAtt": [
                    "DynamoTableE5532DA8",
                    "Arn",
                  ],
                },
                {
                  "Fn::Join": [
                    "",
                    [
                      {
                        "Fn::GetAtt": [
                          "DynamoTableE5532DA8",
                          "Arn",
                        ],
                      },
                      "/index/*",
                    ],
                  ],
                },
              ],
            },
            {
              "Action": [
                "dynamodb:GetRecords",
                "dynamodb:GetShardIterator",
              ],
              "Effect": "Allow",
              "Resource": [
                {
                  "Fn::GetAtt": [
                    "DynamoTableE5532DA8",
                    "Arn",
                  ],
                },
                {
                  "Fn::Join": [
                    "",
                    [
                      {
                        "Fn::GetAtt": [
                          "DynamoTableE5532DA8",
                          "Arn",
                        ],
                      },
                      "/index/*",
                    ],
                  ],
                },
              ],
            },
            {
              "Action": "bedrock:InvokeModel",
              "Effect": "Allow",
              "Resource": [
                "arn:aws:bedrock:*::foundation-model/anthropic.claude-*",
                "arn:aws:bedrock:us-*:123456789012:inference-profile/us.anthropic.claude-*",
                "arn:aws:bedrock:*:123456789012:inference-profile/global.anthropic.claude-*",
              ],
            },
            {
              "Action": "cognito-idp:AdminCreateUser",
              "Effect": "Allow",
              "Resource": {
                "Fn::GetAtt": [
                  "AuthUserPool8115E87F",
                  "Arn",
                ],
              },
            },
            {
              "Action": "lambda:InvokeFunction",
              "Effect": "Allow",
              "Resource": [
                {
                  "Fn::GetAtt": [
                    "AsyncJobHandler438266BD",
                    "Arn",
                  ],
                },
                {
                  "Fn::Join": [
                    "",
                    [
                      {
                        "Fn::GetAtt": [
                          "AsyncJobHandler438266BD",
                          "Arn",
                        ],
                      },
                      ":*",
                    ],
                  ],
                },
              ],
            },
            {
              "Action": [
                "secretsmanager:GetSecretValue",
                "secretsmanager:DescribeSecret",
              ],
              "Effect": "Allow",
              "Resource": {
                "Ref": "WebappServerActionsEncryptionKeyE7854C03",
              },
            },
            {
              "Action": "ssm:GetParameter",
              "Effect": "Allow",
              "Resource": "arn:aws:ssm:us-east-2:123456789012:parameter/TaskTitanForgeStack/amplify-app-origin",
            },
          ],
          "Version": "2012-10-17",
        },
        "PolicyName": "WebappInstanceRoleDefaultPolicyD16CB624",
        "Roles": [
          {
            "Ref": "WebappInstanceRoleC33026A1",
          },
        ],
      },
      "Type": "AWS::IAM::Policy",
    },
    "WebappServerActionsEncryptionKeyE7854C03": {
      "DeletionPolicy": "Delete",
      "Properties": {
        "Description": "Encryption key for Next.js Server Actions - must be consistent across deployments",
        "GenerateSecretString": {
          "ExcludeCharacters": ""@/\\",
          "GenerateStringKey": "encryptionKey",
          "PasswordLength": 32,
          "SecretStringTemplate": "{}",
        },
        "Name": "/TaskTitanForgeStack/next-server-actions-encryption-key",
      },
      "Type": "AWS::SecretsManager::Secret",
      "UpdateReplacePolicy": "Delete",
    },
    "WebappService6D458A13": {
      "Properties": {
        "AutoScalingConfigurationArn": {
          "Fn::GetAtt": [
            "WebappAutoScalingD01023F3",
            "AutoScalingConfigurationArn",
          ],
        },
        "HealthCheckConfiguration": {
          "HealthyThreshold": 1,
          "Interval": 10,
          "Path": "/api/health",
          "Protocol": "HTTP",
          "Timeout": 5,
          "UnhealthyThreshold": 5,
        },
        "InstanceConfiguration": {
          "Cpu": "1 vCPU",
          "InstanceRoleArn": {
            "Fn::GetAtt": [
              "WebappInstanceRoleC33026A1",
              "Arn",
            ],
          },
          "Memory": "2 GB",
        },
        "NetworkConfiguration": {
          "EgressConfiguration": {
            "EgressType": "DEFAULT",
          },
        },
        "ServiceName": "TaskTitanForgeStack-webapp",
        "SourceConfiguration": {
          "AuthenticationConfiguration": {
            "AccessRoleArn": {
              "Fn::GetAtt": [
                "WebappServiceAccessRoleD3E236CF",
                "Arn",
              ],
            },
          },
          "ImageRepository": {
            "ImageConfiguration": {
              "Port": "3000",
              "RuntimeEnvironmentSecrets": [
                {
                  "Name": "NEXT_SERVER_ACTIONS_ENCRYPTION_KEY",
                  "Value": {
                    "Fn::Join": [
                      "",
                      [
                        {
                          "Ref": "WebappServerActionsEncryptionKeyE7854C03",
                        },
                        ":encryptionKey::",
                      ],
                    ],
                  },
                },
              ],
              "RuntimeEnvironmentVariables": [
                {
                  "Name": "DYNAMODB_TABLE_NAME",
                  "Value": {
                    "Ref": "DynamoTableE5532DA8",
                  },
                },
                {
                  "Name": "COGNITO_DOMAIN",
                  "Value": {
                    "Fn::Join": [
                      "",
                      [
                        {
                          "Fn::GetAtt": [
                            "AuthDomainPrefixE1742B23",
                            "generated",
                          ],
                        },
                        ".auth.us-east-2.amazoncognito.com",
                      ],
                    ],
                  },
                },
                {
                  "Name": "USER_POOL_ID",
                  "Value": {
                    "Ref": "AuthUserPool8115E87F",
                  },
                },
                {
                  "Name": "USER_POOL_CLIENT_ID",
                  "Value": {
                    "Ref": "AuthUserPoolClientC635291F",
                  },
                },
                {
                  "Name": "ASYNC_JOB_HANDLER_ARN",
                  "Value": {
                    "Fn::GetAtt": [
                      "AsyncJobHandler438266BD",
                      "Arn",
                    ],
                  },
                },
                {
                  "Name": "POWERTOOLS_SERVICE_NAME",
                  "Value": "TaskTitanWebapp",
                },
                {
                  "Name": "LOG_LEVEL",
                  "Value": "INFO",
                },
                {
                  "Name": "PORT",
                  "Value": "3000",
                },
                {
                  "Name": "HOSTNAME",
                  "Value": "0.0.0.0",
                },
                {
                  "Name": "AMPLIFY_APP_ORIGIN_SOURCE_PARAMETER",
                  "Value": "/TaskTitanForgeStack/amplify-app-origin",
                },
              ],
            },
            "ImageIdentifier": {
              "Fn::Sub": "REDACTED",
            },
            "ImageRepositoryType": "ECR",
          },
        },
      },
      "Type": "AWS::AppRunner::Service",
    },
    "WebappServiceAccessRoleD3E236CF": {
      "Properties": {
        "AssumeRolePolicyDocument": {
          "Statement": [
            {
              "Action": "sts:AssumeRole",
              "Effect": "Allow",
              "Principal": {
                "Service": "build.apprunner.amazonaws.com",
              },
            },
          ],
          "Version": "2012-10-17",
        },
      },
      "Type": "AWS::IAM::Role",
    },
    "WebappServiceAccessRoleDefaultPolicyCCDF563F": {
      "Properties": {
        "PolicyDocument": {
          "Statement": [
            {
              "Action": "ecr:GetAuthorizationToken",
              "Effect": "Allow",
              "Resource": "*",
            },
            {
              "Action": [
                "ecr:BatchCheckLayerAvailability",
                "ecr:GetDownloadUrlForLayer",
                "ecr:BatchGetImage",
              ],
              "Effect": "Allow",
              "Resource": {
                "Fn::Join": [
                  "",
                  [
                    "arn:",
                    {
                      "Ref": "AWS::Partition",
                    },
                    "REDACTED",
                  ],
                ],
              },
            },
            {
              "Action": "ecr:DescribeImages",
              "Effect": "Allow",
              "Resource": {
                "Fn::Join": [
                  "",
                  [
                    "arn:",
                    {
                      "Ref": "AWS::Partition",
                    },
                    "REDACTED",
                  ],
                ],
              },
            },
          ],
          "Version": "2012-10-17",
        },
        "PolicyName": "WebappServiceAccessRoleDefaultPolicyCCDF563F",
        "Roles": [
          {
            "Ref": "WebappServiceAccessRoleD3E236CF",
          },
        ],
      },
      "Type": "AWS::IAM::Policy",
    },
    "WebappStoreAppOrigin41AEF0A5": {
      "DeletionPolicy": "Delete",
      "DependsOn": [
        "WebappStoreAppOriginCustomResourcePolicyD026BBC9",
      ],
      "Properties": {
        "Create": {
          "Fn::Join": [
            "",
            [
              "{"service":"@aws-sdk/client-ssm","action":"putParameter","parameters":{"Name":"/TaskTitanForgeStack/amplify-app-origin","Value":"https://",
              {
                "Fn::GetAtt": [
                  "WebappService6D458A13",
                  "ServiceUrl",
                ],
              },
              "","Type":"String","Overwrite":true,"Description":"App Runner service URL for OAuth callbacks"},"physicalResourceId":{"id":"/TaskTitanForgeStack/amplify-app-origin"}}",
            ],
          ],
        },
        "Delete": "{"service":"@aws-sdk/client-ssm","action":"deleteParameter","parameters":{"Name":"/TaskTitanForgeStack/amplify-app-origin"}}",
        "InstallLatestAwsSdk": true,
        "ServiceToken": {
          "Fn::GetAtt": [
            "AWS679f53fac002430cb0da5b7982bd22872D164C4C",
            "Arn",
          ],
        },
        "Update": {
          "Fn::Join": [
            "",
            [
              "{"service":"@aws-sdk/client-ssm","action":"putParameter","parameters":{"Name":"/TaskTitanForgeStack/amplify-app-origin","Value":"https://",
              {
                "Fn::GetAtt": [
                  "WebappService6D458A13",
                  "ServiceUrl",
                ],
              },
              "","Type":"String","Overwrite":true,"Description":"App Runner service URL for OAuth callbacks"},"physicalResourceId":{"id":"/TaskTitanForgeStack/amplify-app-origin"}}",
            ],
          ],
        },
      },
      "Type": "Custom::AWS",
      "UpdateReplacePolicy": "Delete",
    },
    "WebappStoreAppOriginCustomResourcePolicyD026BBC9": {
      "Properties": {
        "PolicyDocument": {
          "Statement": [
            {
              "Action": [
                "ssm:PutParameter",
                "ssm:DeleteParameter",
              ],
              "Effect": "Allow",
              "Resource": "arn:aws:ssm:us-east-2:123456789012:parameter/TaskTitanForgeStack/amplify-app-origin",
            },
          ],
          "Version": "2012-10-17",
        },
        "PolicyName": "WebappStoreAppOriginCustomResourcePolicyD026BBC9",
        "Roles": [
          {
            "Ref": "AWS679f53fac002430cb0da5b7982bd2287ServiceRoleC1EA0FF2",
          },
        ],
      },
      "Type": "AWS::IAM::Policy",
    },
  },
  "Rules": {
    "CheckBootstrapVersion": {
      "Assertions": [
        {
          "Assert": {
            "Fn::Not": [
              {
                "Fn::Contains": [
                  [
                    "1",
                    "2",
                    "3",
                    "4",
                    "5",
                  ],
                  {
                    "Ref": "BootstrapVersion",
                  },
                ],
              },
            ],
          },
          "AssertDescription": "CDK bootstrap stack version 6 required. Please run 'cdk bootstrap' with a recent version of the CDK CLI.",
        },
      ],
    },
  },
}
`;
